// Jest Snapshot v1, https://goo.gl/fbAQLP

exports[`Create Account layout should match the snapshot 1`] = `
<View
  onLayout={[Function]}
  style={
    Object {
      "alignItems": "center",
      "backgroundColor": "#fff",
      "justifyContent": "center",
      "margin": 5,
      "top": 100,
    }
  }
>
  <View
    style={
      Object {
        "paddingHorizontal": 20,
        "paddingVertical": 10,
        "width": "100%",
      }
    }
    testID="signupForm"
  >
    <View>
      <View
        style={
          Object {
            "borderBottomColor": undefined,
            "borderBottomWidth": 1,
            "marginVertical": 10,
          }
        }
      >
        <Text
          accessibilityLabel="Username"
          style={
            Object {
              "color": undefined,
            }
          }
        >
          Username
        </Text>
        <TextInput
          autoFocus={false}
          keyboardType="default"
          onBlur={[Function]}
          onChangeText={[Function]}
          onFocus={[Function]}
          testID="signupUsername"
          value=""
        />
      </View>
    </View>
    <View
      style={
        Object {
          "borderBottomColor": undefined,
          "borderBottomWidth": 1,
          "marginVertical": 10,
        }
      }
    >
      <Text
        accessibilityLabel="Email"
        style={
          Object {
            "color": undefined,
          }
        }
      >
        Email
      </Text>
      <TextInput
        autoFocus={false}
        keyboardType="default"
        onBlur={[Function]}
        onChangeText={[Function]}
        onFocus={[Function]}
        testID="signupEmail"
        value=""
      />
    </View>
    <View
      style={
        Object {
          "borderBottomColor": undefined,
          "borderBottomWidth": 1,
          "marginVertical": 10,
        }
      }
    >
      <Text
        accessibilityLabel="Password"
        style={
          Object {
            "color": undefined,
          }
        }
      >
        Password
      </Text>
      <TextInput
        autoFocus={false}
        keyboardType="default"
        onBlur={[Function]}
        onChangeText={[Function]}
        onFocus={[Function]}
        secureTextEntry={true}
        testID="signupPassword"
      />
    </View>
    <View
      style={
        Object {
          "borderBottomColor": undefined,
          "borderBottomWidth": 1,
          "marginVertical": 10,
        }
      }
    >
      <Text
        accessibilityLabel="Confirm Password"
        style={
          Object {
            "color": undefined,
          }
        }
      >
        Confirm Password
      </Text>
      <TextInput
        autoFocus={false}
        keyboardType="default"
        onBlur={[Function]}
        onChangeText={[Function]}
        onFocus={[Function]}
        secureTextEntry={true}
        testID="signupConfirmPassword"
      />
    </View>
    <View
      accessible={true}
      isTVSelectable={true}
      onResponderGrant={[Function]}
      onResponderMove={[Function]}
      onResponderRelease={[Function]}
      onResponderTerminate={[Function]}
      onResponderTerminationRequest={[Function]}
      onStartShouldSetResponder={[Function]}
      style={
        Object {
          "alignItems": "center",
          "backgroundColor": "#37c172",
          "borderColor": "#e9ecee",
          "borderWidth": 1,
          "opacity": 1,
          "padding": 10,
        }
      }
      testID="signupFormButton"
    >
      <Text
        accessibilityLabel="Sign Up"
        style={
          Object {
            "color": "#fff",
            "fontSize": undefined,
          }
        }
        testID="signupFormButtonText"
      >
        Sign Up
      </Text>
    </View>
  </View>
</View>
`;
