// Jest Snapshot v1, https://goo.gl/fbAQLP

exports[`Home screen layout should match the snapshot 1`] = `
<View
  style={
    Object {
      "alignItems": "center",
      "flex": 1,
      "justifyContent": "space-around",
      "padding": 5,
    }
  }
>
  <Text
    accessibilityLabel="Brewing App"
    style={
      Object {
        "color": "#fff",
        "fontSize": 40,
      }
    }
    testID="HomeText"
  >
    Brewing App
  </Text>
  <Image
    source={
      Object {
        "testUri": "../../../assets/icon.png",
      }
    }
    testID="Hero"
  />
  <View
    style={
      Object {
        "width": "100%",
      }
    }
  >
    <View
      accessible={true}
      isTVSelectable={true}
      onResponderGrant={[Function]}
      onResponderMove={[Function]}
      onResponderRelease={[Function]}
      onResponderTerminate={[Function]}
      onResponderTerminationRequest={[Function]}
      onStartShouldSetResponder={[Function]}
      style={
        Object {
          "alignItems": "center",
          "backgroundColor": "white",
          "borderColor": "#e9ecee",
          "borderWidth": 1,
          "marginTop": 10,
          "opacity": 1,
          "padding": 10,
        }
      }
      testID="ToCreateAccount"
    >
      <Text
        accessibilityLabel="Create an account"
        style={
          Object {
            "color": undefined,
            "fontSize": undefined,
          }
        }
      >
        Create an account
      </Text>
    </View>
    <View
      accessible={true}
      isTVSelectable={true}
      onResponderGrant={[Function]}
      onResponderMove={[Function]}
      onResponderRelease={[Function]}
      onResponderTerminate={[Function]}
      onResponderTerminationRequest={[Function]}
      onStartShouldSetResponder={[Function]}
      style={
        Object {
          "alignItems": "center",
          "backgroundColor": "white",
          "borderColor": "#e9ecee",
          "borderWidth": 1,
          "marginTop": 10,
          "opacity": 1,
          "padding": 10,
        }
      }
      testID="ToLogin"
    >
      <Text
        accessibilityLabel="Login"
        style={
          Object {
            "color": undefined,
            "fontSize": undefined,
          }
        }
      >
        Login
      </Text>
    </View>
  </View>
</View>
`;
