// Jest Snapshot v1, https://goo.gl/fbAQLP

exports[`Forgot Password screen matches snapshot 1`] = `
<View
  onLayout={[Function]}
  style={
    Object {
      "alignItems": "center",
      "backgroundColor": "#fff",
      "justifyContent": "center",
      "margin": 5,
      "top": 100,
    }
  }
>
  <View
    style={
      Object {
        "paddingHorizontal": 20,
        "paddingVertical": 10,
        "width": "100%",
      }
    }
  >
    <View
      style={
        Object {
          "borderBottomColor": undefined,
          "borderBottomWidth": 1,
          "marginVertical": 10,
        }
      }
    >
      <Text
        accessibilityLabel="Email"
        style={
          Object {
            "color": undefined,
          }
        }
      >
        Email
      </Text>
      <TextInput
        autoFocus={false}
        keyboardType="default"
        onBlur={[Function]}
        onChangeText={[Function]}
        onFocus={[Function]}
        testID="forgotPasswordInput"
        value=""
      />
    </View>
    <View
      accessible={true}
      isTVSelectable={true}
      onResponderGrant={[Function]}
      onResponderMove={[Function]}
      onResponderRelease={[Function]}
      onResponderTerminate={[Function]}
      onResponderTerminationRequest={[Function]}
      onStartShouldSetResponder={[Function]}
      style={
        Object {
          "alignItems": "center",
          "backgroundColor": "#37c172",
          "borderColor": "#e9ecee",
          "borderWidth": 1,
          "opacity": 1,
          "padding": 10,
        }
      }
      testID="forgotPasswordButton"
    >
      <Text
        accessibilityLabel="Send Email"
        style={
          Object {
            "color": "#fff",
            "fontSize": undefined,
          }
        }
      >
        Send Email
      </Text>
    </View>
    ); }}
  </View>
</View>
`;
