// Jest Snapshot v1, https://goo.gl/fbAQLP

exports[`Timers screen should format the card correctly 1`] = `
Array [
  <Card
    lowerLeft={
      <Clock
        ms={25000}
        size="sm"
      />
    }
    lowerRight={
      <Text
        value="2 alerts"
      />
    }
    upperLeft={
      <Subtitle
        value="Timer 1"
      />
    }
  />,
  <Card
    lowerLeft={
      <Clock
        ms={129999}
        size="sm"
      />
    }
    lowerRight={
      <Text
        value="3 alerts"
      />
    }
    upperLeft={
      <Subtitle
        value="Timer 2"
      />
    }
  />,
]
`;
